! Operator 2
" " Literal 1
' ' Literal 1
'-' Literal 1
'0' Literal 2
'9' Literal 1
'\n' Literal 1
'\r' Literal 1
'\t' Literal 1
( Separator 67
) Separator 67
* Operator 4
*= Operator 1
+ Operator 2
++ Operator 12
+= Operator 2
, Separator 4
- Operator 9
-- Operator 1
. Separator 27
0 Literal 26
0L Literal 1
1 Literal 10
10 Literal 1
100 Literal 1
1000 Literal 1
1000000 Literal 1
100000000 Literal 1
1024 Literal 1
; Separator 92
< Operator 12
<= Operator 1
= Operator 53
== Operator 12
> Operator 3
>= Operator 2
Arrays Identifier 2
IOException Identifier 3
InputMismatchException Identifier 4
InputReader Identifier 4
InputStream Identifier 3
Main Identifier 1
NumberFormatException Identifier 1
String Identifier 2
StringBuffer Identifier 2
System Identifier 5
[ Separator 37
] Separator 37
a Identifier 6
ans Identifier 4
appendCodePoint Identifier 1
args Identifier 1
boolean Keyword 3
break Keyword 3
buf Identifier 3
byte Keyword 2
c Identifier 22
catch Keyword 1
class Keyword 2
curChar Identifier 4
do Keyword 2
e Identifier 1
else Keyword 3
false Literal 2
i Identifier 18
if Keyword 12
import Keyword 4
in Identifier 7
index Identifier 6
int Keyword 32
io Identifier 2
isSpaceChar Identifier 5
j Identifier 14
java Identifier 4
k Identifier 9
kk Identifier 16
long Keyword 2
looptime Identifier 4
main Identifier 1
min Identifier 3
n Identifier 7
new Keyword 10
numChars Identifier 5
out Identifier 4
print Identifier 1
println Identifier 3
private Keyword 4
public Keyword 7
q Identifier 7
read Identifier 9
readInt Identifier 6
readString Identifier 1
res Identifier 7
return Keyword 5
sgn Identifier 3
sort Identifier 1
static Keyword 2
stream Identifier 5
sum Identifier 5
t Identifier 2
temp Identifier 6
this Keyword 1
throw Keyword 3
throws Keyword 1
toString Identifier 1
true Literal 2
try Keyword 1
util Identifier 2
vect Identifier 7
void Keyword 1
while Keyword 15
whoisvalid Identifier 5
{ Separator 33
|| Operator 6
} Separator 33
